[     333ms] [WARNING] <meta name="apple-mobile-web-app-capable" content="yes"> is deprecated. Please include <meta name="mobile-web-app-capable" content="yes"> @ https://one-vv2702.com/casino?:0
[    1253ms] [INFO] Saved partner info visit_domain one-vv2702.com @ https://one-vv2702.com/resources/v1/app/assets/logger-CB8aILq8.js:29
[    1253ms] [INFO] Saved partner info session_visit_domain one-vv2702.com @ https://one-vv2702.com/resources/v1/app/assets/logger-CB8aILq8.js:29
[    1464ms] [WARNING] (module fortune-wheel) useModule can't be used inside init function. @ https://one-vv2702.com/resources/v1/app/assets/plugin-server-updates-FIB82uml.js:0
[    1464ms] [WARNING] (module fortune-wheel) useModule can't be used inside init function. @ https://one-vv2702.com/resources/v1/app/assets/plugin-server-updates-FIB82uml.js:0
[    1465ms] [WARNING] (module fortune-wheel) useModule can't be used inside init function. @ https://one-vv2702.com/resources/v1/app/assets/plugin-server-updates-FIB82uml.js:0
[    1465ms] [WARNING] (module fortune-wheel) useModule can't be used inside init function. @ https://one-vv2702.com/resources/v1/app/assets/plugin-server-updates-FIB82uml.js:0
[    1465ms] [WARNING] (module fortune-wheel) useModule can't be used inside init function. @ https://one-vv2702.com/resources/v1/app/assets/plugin-server-updates-FIB82uml.js:0
[    1466ms] [WARNING] (module bonus) useModule can't be used inside init function. @ https://one-vv2702.com/resources/v1/app/assets/plugin-server-updates-FIB82uml.js:0
[    1472ms] [WARNING] (module layout) useModule can't be used inside init function. @ https://one-vv2702.com/resources/v1/app/assets/plugin-server-updates-FIB82uml.js:0
[    1474ms] [WARNING] (module tournaments) useModule can't be used inside init function. @ https://one-vv2702.com/resources/v1/app/assets/plugin-server-updates-FIB82uml.js:0
[    1484ms] [LOG] [94m[info]  [analytics] {event: send_pageview_events, eventCat: page, eventName: view, country: Bulgaria, custom_url: https://one-vv2702.com/casino} @ https://one-vv2702.com/resources/v1/app/assets/logger-CB8aILq8.js:31
[    1522ms] [WARNING] <meta name="apple-mobile-web-app-capable" content="yes"> is deprecated. Please include <meta name="mobile-web-app-capable" content="yes"> @ https://one-vv2702.com/casino:0
[    1934ms] [INFO] Banner not shown: beforeinstallpromptevent.preventDefault() called. The page must call beforeinstallpromptevent.prompt() to show the banner. @ https://one-vv2702.com/casino:0
[    1955ms] [LOG] [94m[info]  [analytics] {event: send_fortune_widget_events, eventCat: fortune_widget, eventName: view} @ https://one-vv2702.com/resources/v1/app/assets/logger-CB8aILq8.js:31
[    2003ms] [LOG] [94m[info]  [analytics] {event: send_burger_menu_events, eventCat: burger_menu, eventName: banner_view, banner_name: freemoney} @ https://one-vv2702.com/resources/v1/app/assets/logger-CB8aILq8.js:31
[    2008ms] [LOG] [94m[info]  [analytics] {event: send_burger_menu_events, eventCat: burger_menu, eventName: banner_view, banner_name: appbanner} @ https://one-vv2702.com/resources/v1/app/assets/logger-CB8aILq8.js:31
[    2043ms] [LOG] {user_id: null, redesign: redesign, geo: BG, page_path: /casino, page_url: https://one-vv2702.com/casino} @ :2
[    2044ms] [LOG] {user_id: null, redesign: redesign, geo: BG, banner_name: freemoney, page_path: /casino} @ :2
[    2045ms] [LOG] {user_id: null, redesign: redesign, geo: BG, banner_name: appbanner, page_path: /casino} @ :2
[    2069ms] [LOG] <---------> @ https://one-vv2702.com/resources/v1/app/assets/logger-CB8aILq8.js:29
[    2069ms] [INFO] Saved partner info visit_domain one-vv2702.com @ https://one-vv2702.com/resources/v1/app/assets/logger-CB8aILq8.js:29
[    2069ms] [INFO] Saved partner info click_id 79658f96-2c43-4d64-b81d-c0758221a515 @ https://one-vv2702.com/resources/v1/app/assets/logger-CB8aILq8.js:29
[    2069ms] [INFO] Saved partner info visitor-id 78db2275-a643-4cf1-870b-a212f421e6e9 @ https://one-vv2702.com/resources/v1/app/assets/logger-CB8aILq8.js:29
[    2069ms] [INFO] Saved partner info should_restore_hash false @ https://one-vv2702.com/resources/v1/app/assets/logger-CB8aILq8.js:29
[    2100ms] [LOG] [94m[info]  [analytics] {eventCat: time, eventName: first_load, token_ready_time: 1135.7000000476837, config_ready_time: 1102.7000000476837, lang_load_time: 1135.7999999523163} @ https://one-vv2702.com/resources/v1/app/assets/logger-CB8aILq8.js:31
[    2101ms] [LOG] {user_id: null, redesign: redesign, geo: BG, token_ready_time: 1135.7000000476837, config_ready_time: 1102.7000000476837} @ :2
[    2456ms] [LOG] [94m[info]  [analytics] {event: send_casino_events, eventCat: casino, eventName: category_view, category_slug: 1w-games, category_name: 1w-games} @ https://one-vv2702.com/resources/v1/app/assets/logger-CB8aILq8.js:31
[    2458ms] [LOG] {user_id: null, redesign: redesign, geo: BG, category_slug: 1w-games, category_name: 1w-games} @ :2
[    2460ms] [LOG] [94m[info]  [analytics] {event: send_casino_events, eventCat: casino, eventName: game_week_view, game_id: v_100hp:astronaut} @ https://one-vv2702.com/resources/v1/app/assets/logger-CB8aILq8.js:31
[    2461ms] [LOG] {user_id: null, redesign: redesign, geo: BG, game_id: v_100hp:astronaut, page_path: /casino} @ :2
