[     319ms] [WARNING] (module fortune-wheel) useModule can't be used inside init function. @ https://one-vv2702.com/resources/v1/app/assets/plugin-server-updates-FIB82uml.js:0
[     319ms] [WARNING] (module fortune-wheel) useModule can't be used inside init function. @ https://one-vv2702.com/resources/v1/app/assets/plugin-server-updates-FIB82uml.js:0
[     319ms] [WARNING] (module fortune-wheel) useModule can't be used inside init function. @ https://one-vv2702.com/resources/v1/app/assets/plugin-server-updates-FIB82uml.js:0
[     319ms] [WARNING] (module fortune-wheel) useModule can't be used inside init function. @ https://one-vv2702.com/resources/v1/app/assets/plugin-server-updates-FIB82uml.js:0
[     319ms] [WARNING] (module fortune-wheel) useModule can't be used inside init function. @ https://one-vv2702.com/resources/v1/app/assets/plugin-server-updates-FIB82uml.js:0
[     320ms] [WARNING] (module bonus) useModule can't be used inside init function. @ https://one-vv2702.com/resources/v1/app/assets/plugin-server-updates-FIB82uml.js:0
[     322ms] [LOG] [94m[info]  [analytics] {eventCat: time, eventName: first_load, token_ready_time: 0, config_ready_time: 301.2000000476837, lang_load_time: 0} @ https://one-vv2702.com/resources/v1/app/assets/logger-CB8aILq8.js:31
[     328ms] [WARNING] (module layout) useModule can't be used inside init function. @ https://one-vv2702.com/resources/v1/app/assets/plugin-server-updates-FIB82uml.js:0
[     329ms] [WARNING] (module tournaments) useModule can't be used inside init function. @ https://one-vv2702.com/resources/v1/app/assets/plugin-server-updates-FIB82uml.js:0
[     338ms] [LOG] [94m[info]  [analytics] {event: send_pageview_events, eventCat: page, eventName: view, country: Bulgaria, custom_url: https://one-vv2702.com/casino?category=all-games} @ https://one-vv2702.com/resources/v1/app/assets/logger-CB8aILq8.js:31
[     356ms] [LOG] {user_id: null, redesign: redesign, geo: BG, token_ready_time: 0, config_ready_time: 301.2000000476837} @ :2
[     374ms] [WARNING] <meta name="apple-mobile-web-app-capable" content="yes"> is deprecated. Please include <meta name="mobile-web-app-capable" content="yes"> @ https://one-vv2702.com/casino?category=all-games:0
[     459ms] [INFO] Banner not shown: beforeinstallpromptevent.preventDefault() called. The page must call beforeinstallpromptevent.prompt() to show the banner. @ https://one-vv2702.com/casino?category=all-games:0
[     609ms] [INFO] Saved partner info visit_domain one-vv2702.com @ https://one-vv2702.com/resources/v1/app/assets/logger-CB8aILq8.js:29
[     610ms] [INFO] Saved partner info session_visit_domain one-vv2702.com @ https://one-vv2702.com/resources/v1/app/assets/logger-CB8aILq8.js:29
[     742ms] [WARNING] (module fortune-wheel) useModule can't be used inside init function. @ https://one-vv2702.com/resources/v1/app/assets/plugin-server-updates-FIB82uml.js:0
[     742ms] [WARNING] (module fortune-wheel) useModule can't be used inside init function. @ https://one-vv2702.com/resources/v1/app/assets/plugin-server-updates-FIB82uml.js:0
[     742ms] [WARNING] (module fortune-wheel) useModule can't be used inside init function. @ https://one-vv2702.com/resources/v1/app/assets/plugin-server-updates-FIB82uml.js:0
[     742ms] [WARNING] (module fortune-wheel) useModule can't be used inside init function. @ https://one-vv2702.com/resources/v1/app/assets/plugin-server-updates-FIB82uml.js:0
[     742ms] [WARNING] (module fortune-wheel) useModule can't be used inside init function. @ https://one-vv2702.com/resources/v1/app/assets/plugin-server-updates-FIB82uml.js:0
[     743ms] [WARNING] (module bonus) useModule can't be used inside init function. @ https://one-vv2702.com/resources/v1/app/assets/plugin-server-updates-FIB82uml.js:0
[     749ms] [WARNING] (module layout) useModule can't be used inside init function. @ https://one-vv2702.com/resources/v1/app/assets/plugin-server-updates-FIB82uml.js:0
[     750ms] [WARNING] (module tournaments) useModule can't be used inside init function. @ https://one-vv2702.com/resources/v1/app/assets/plugin-server-updates-FIB82uml.js:0
[     757ms] [LOG] [94m[info]  [analytics] {event: send_pageview_events, eventCat: page, eventName: view, country: Bulgaria, custom_url: https://one-vv2702.com/casino?category=all-games} @ https://one-vv2702.com/resources/v1/app/assets/logger-CB8aILq8.js:31
[     776ms] [LOG] [94m[info]  [analytics] {eventCat: time, eventName: first_load, token_ready_time: 433.2999999523163, config_ready_time: 404.90000009536743, lang_load_time: 433.2999999523163} @ https://one-vv2702.com/resources/v1/app/assets/logger-CB8aILq8.js:31
[     800ms] [LOG] [94m[info]  [analytics] {event: send_fortune_widget_events, eventCat: fortune_widget, eventName: view} @ https://one-vv2702.com/resources/v1/app/assets/logger-CB8aILq8.js:31
[     811ms] [WARNING] <meta name="apple-mobile-web-app-capable" content="yes"> is deprecated. Please include <meta name="mobile-web-app-capable" content="yes"> @ https://one-vv2702.com/casino?category=all-games:0
[     838ms] [LOG] [94m[info]  [analytics] {event: send_burger_menu_events, eventCat: burger_menu, eventName: banner_view, banner_name: appbanner} @ https://one-vv2702.com/resources/v1/app/assets/logger-CB8aILq8.js:31
[     840ms] [LOG] [94m[info]  [analytics] {event: send_burger_menu_events, eventCat: burger_menu, eventName: banner_view, banner_name: freemoney} @ https://one-vv2702.com/resources/v1/app/assets/logger-CB8aILq8.js:31
[     909ms] [INFO] Banner not shown: beforeinstallpromptevent.preventDefault() called. The page must call beforeinstallpromptevent.prompt() to show the banner. @ https://one-vv2702.com/casino?category=all-games:0
[     926ms] [LOG] {user_id: null, redesign: redesign, geo: BG, token_ready_time: 433.2999999523163, config_ready_time: 404.90000009536743} @ :2
[     927ms] [LOG] {user_id: null, redesign: redesign, geo: BG, page_path: /casino, page_url: https://one-vv2702.com/casino?category=all-games} @ :2
[     928ms] [LOG] {user_id: null, redesign: redesign, geo: BG, banner_name: appbanner, page_path: /casino} @ :2
[     929ms] [LOG] {user_id: null, redesign: redesign, geo: BG, banner_name: freemoney, page_path: /casino} @ :2
[     969ms] [LOG] [94m[info]  [analytics] {event: send_casino_events, eventCat: casino, eventName: game_week_view, game_id: v_100hp:astronaut} @ https://one-vv2702.com/resources/v1/app/assets/logger-CB8aILq8.js:31
[     971ms] [LOG] {user_id: null, redesign: redesign, geo: BG, game_id: v_100hp:astronaut, page_path: /casino} @ :2
[    1015ms] [LOG] <---------> @ https://one-vv2702.com/resources/v1/app/assets/logger-CB8aILq8.js:29
[    1015ms] [INFO] Saved partner info visit_domain one-vv2702.com @ https://one-vv2702.com/resources/v1/app/assets/logger-CB8aILq8.js:29
[    1015ms] [INFO] Saved partner info click_id 79658f96-2c43-4d64-b81d-c0758221a515 @ https://one-vv2702.com/resources/v1/app/assets/logger-CB8aILq8.js:29
[    1015ms] [INFO] Saved partner info visitor-id 78db2275-a643-4cf1-870b-a212f421e6e9 @ https://one-vv2702.com/resources/v1/app/assets/logger-CB8aILq8.js:29
[    1015ms] [INFO] Saved partner info should_restore_hash false @ https://one-vv2702.com/resources/v1/app/assets/logger-CB8aILq8.js:29
